
> resolve-shortcut@0.0.1 pretest
> npm run compile && npm run lint


> resolve-shortcut@0.0.1 compile
> tsc -p ./


> resolve-shortcut@0.0.1 lint
> eslint src --ext ts

npm.cmd : 
At line:1 char:50
+ ... dejs;$env:PATH"; &"C:\Program Files\nodejs\npm.cmd" test 2>&1 | Tee-O ...
+                      ~~~~~~~~~~~~~~~~~~~~~~~~~~~~~~~~~~~~~~~~~~~~
    + CategoryInfo          : NotSpecified: (:String) [], RemoteException
    + FullyQualifiedErrorId : NativeCommandError
 
Oops! Something went wrong! :(

ESLint: 8.57.1

ESLint couldn't find the config "@vscode/recommended-release" to extend from. Please check that the name of the config is correct.

The config "@vscode/recommended-release" was referenced from the config file in "C:\Users\gvann\Documents\Projects\vscode-extension-resolve-shortcut\.eslintrc
.json".

If you still have problems, please stop by https://eslint.org/chat/help to chat with the team.

